// Jest Snapshot v1, https://goo.gl/fbAQLP

exports[`Links--Signed Out renders signed out links unchanged 1`] = `
<div>
  <li>
    <a
      class="take_the_challenge_btn"
      href="/challengerwelcome"
    >
      Take The Challenge
    </a>
  </li>
  <li>
    <a
      class="link_lg"
      href="/why8by8"
    >
      Why 8by8
    </a>
  </li>
  <li>
    <a
      class="link_sm_top"
      href="/tos"
    >
      Terms of Service
    </a>
  </li>
  <li>
    <a
      class="link_sm"
      href="/privacy"
    >
      Privacy Policy
    </a>
  </li>
  <li>
    <a
      class="link_sm"
      href="/signup"
    >
      Sign up
    </a>
  </li>
  <li>
    <a
      class="link_sm"
      href="/signin"
    >
      Sign in
    </a>
  </li>
</div>
`;
